🚀 Batch evaluation started (released layout)
🤖 Provider: gemini2_5
📁 Root Dir: A:\Samsung_2\logs\baseline_full_20260930_233437\fdb_v3_data_released
📋 Loaded 100 scenarios from benchmark_data_v2.json
🔊 Loading ASR model...
🔊 Loading ASR model...
[NeMo I 2026-09-30 23:35:25 mixins:79] Tokenizer SentencePieceTokenizer initialized with 1024 tokens
[NeMo I 2026-09-30 23:35:36 rnnt_models:83] Using RNNT Loss : tdt
    Loss tdt_kwargs: {'fastemit_lambda': 0.0, 'clamp': -1.0, 'durations': [0, 1, 2, 3, 4], 'sigma': 0.02, 'omega': 0.1}
[NeMo I 2026-09-30 23:35:36 rnnt_models:231] Using RNNT Loss : tdt
    Loss tdt_kwargs: {'fastemit_lambda': 0.0, 'clamp': -1.0, 'durations': [0, 1, 2, 3, 4], 'sigma': 0.02, 'omega': 0.1}
[NeMo I 2026-09-30 23:35:36 rnnt_models:231] Using RNNT Loss : tdt
    Loss tdt_kwargs: {'fastemit_lambda': 0.0, 'clamp': -1.0, 'durations': [0, 1, 2, 3, 4], 'sigma': 0.02, 'omega': 0.1}
[NeMo I 2026-09-30 23:35:41 modelPT:489] Model EncDecRNNTBPEModel was successfully restored from C:\Users\Akshay A\.cache\huggingface\hub\models--nvidia--parakeet-tdt-0.6b-v2\snapshots\ae9ad07059c7c739ffaf932226a8fe64ae2620b0\parakeet-tdt-0.6b-v2.nemo.
✅ ASR model loaded
✅ ASR model loaded
📋 Merged 79 per-folder metadata.json entries → 100 total
📂 Found 100 input.wav files

[1/100] Processing Speaker=65e8cf8f... Example=ecommerce_01...
  🚀 Running LiveKit inference with provider=gemini2_5...
  🔗 Streaming via livekit_inference.py into room: eval-adad26cf
  ✅ livekit_inference.py finished successfully.
  🗣️  Running ASR on input audio...
[NeMo I 2026-09-30 23:36:33 _contextlib:124] Timestamps requested, setting decoding timestamps to True. Capture them in Hypothesis object,                         with output[0][idx].timestep['word'/'segment'/'char']
[NeMo I 2026-09-30 23:36:33 rnnt_models:231] Using RNNT Loss : tdt
    Loss tdt_kwargs: {'fastemit_lambda': 0.0, 'clamp': -1.0, 'durations': [0, 1, 2, 3, 4], 'sigma': 0.02, 'omega': 0.1}
  ⏱️  Measuring latency...
  🗣️  Running ASR on model output...
[NeMo I 2026-09-30 23:36:51 _contextlib:124] Timestamps requested, setting decoding timestamps to True. Capture them in Hypothesis object,                         with output[0][idx].timestep['word'/'segment'/'char']
  📝 Transcript: Your order is currently out for delivery....
  ⏱️  Perceived Latency: 10.64s (Agent Start: 25.92s - User End: 15.280000000000001s)
  💾 Saved: result_gemini2_5.json

[2/100] Processing Speaker=69a9cf80... Example=ecommerce_01...
  🚀 Running LiveKit inference with provider=gemini2_5...
  🔗 Streaming via livekit_inference.py into room: eval-18c8642e
  ✅ livekit_inference.py finished successfully.
  🗣️  Running ASR on input audio...
[NeMo I 2026-09-30 23:38:02 _contextlib:124] Timestamps requested, setting decoding timestamps to True. Capture them in Hypothesis object,                         with output[0][idx].timestep['word'/'segment'/'char']
  ⏱️  Measuring latency...
  🗣️  Running ASR on model output...
[NeMo I 2026-09-30 23:38:16 _contextlib:124] Timestamps requested, setting decoding timestamps to True. Capture them in Hypothesis object,                         with output[0][idx].timestep['word'/'segment'/'char']
  📝 Transcript: Sure, I can help with that. Your order is out for the littery....
  ⏱️  Perceived Latency: 1.76s (Agent Start: 20.32s - User End: 18.56s)
  💾 Saved: result_gemini2_5.json

[3/100] Processing Speaker=5f4a4da1... Example=ecommerce_02...
  🚀 Running LiveKit inference with provider=gemini2_5...
  🔗 Streaming via livekit_inference.py into room: eval-21816300
  ✅ livekit_inference.py finished successfully.
  🗣️  Running ASR on input audio...
[NeMo I 2026-09-30 23:39:19 _contextlib:124] Timestamps requested, setting decoding timestamps to True. Capture them in Hypothesis object,                         with output[0][idx].timestep['word'/'segment'/'char']
  ⏱️  Measuring latency...
  🗣️  Running ASR on model output...
[NeMo I 2026-09-30 23:39:31 _contextlib:124] Timestamps requested, setting decoding timestamps to True. Capture them in Hypothesis object,                         with output[0][idx].timestep['word'/'segment'/'char']
  📝 Transcript: I found wireless headphones premium for ninety dollars....
  ⏱️  Perceived Latency: 14.96s (Agent Start: 27.52s - User End: 12.56s)
  💾 Saved: result_gemini2_5.json

[4/100] Processing Speaker=6998abd7... Example=ecommerce_04...
  🚀 Running LiveKit inference with provider=gemini2_5...
  🔗 Streaming via livekit_inference.py into room: eval-7cd384dc
  ✅ livekit_inference.py finished successfully.
  🗣️  Running ASR on input audio...
[NeMo I 2026-09-30 23:40:29 _contextlib:124] Timestamps requested, setting decoding timestamps to True. Capture them in Hypothesis object,                         with output[0][idx].timestep['word'/'segment'/'char']
  ⏱️  Measuring latency...
  🗣️  Running ASR on model output...
[NeMo I 2026-09-30 23:40:41 _contextlib:124] Timestamps requested, setting decoding timestamps to True. Capture them in Hypothesis object,                         with output[0][idx].timestep['word'/'segment'/'char']
  📝 Transcript: Your package with order ID XYZ eighty eight is currently out for delivery....
  ⏱️  Perceived Latency: 6.80s (Agent Start: 17.28s - User End: 10.48s)
  💾 Saved: result_gemini2_5.json

[5/100] Processing Speaker=695bd157... Example=ecommerce_05...
  🚀 Running LiveKit inference with provider=gemini2_5...
  🔗 Streaming via livekit_inference.py into room: eval-23edddbd
  ✅ livekit_inference.py finished successfully.
  🗣️  Running ASR on input audio...
[NeMo I 2026-09-30 23:41:51 _contextlib:124] Timestamps requested, setting decoding timestamps to True. Capture them in Hypothesis object,                         with output[0][idx].timestep['word'/'segment'/'char']
  ⏱️  Measuring latency...
  🗣️  Running ASR on model output...
[NeMo I 2026-09-30 23:42:06 _contextlib:124] Timestamps requested, setting decoding timestamps to True. Capture them in Hypothesis object,                         with output[0][idx].timestep['word'/'segment'/'char']
  📝 Transcript: Yes, I found a desk premium for two hundred and ninety dollars....
  ⏱️  Perceived Latency: 24.08s (Agent Start: 31.28s - User End: 7.2s)
  💾 Saved: result_gemini2_5.json

[6/100] Processing Speaker=66c4f3cb... Example=ecommerce_06...
  🚀 Running LiveKit inference with provider=gemini2_5...
  🔗 Streaming via livekit_inference.py into room: eval-cf5d4f40
  ✅ livekit_inference.py finished successfully.
  🗣️  Running ASR on input audio...
[NeMo I 2026-09-30 23:43:30 _contextlib:124] Timestamps requested, setting decoding timestamps to True. Capture them in Hypothesis object,                         with output[0][idx].timestep['word'/'segment'/'char']
  ⏱️  Measuring latency...
  🗣️  Running ASR on model output...
[NeMo I 2026-09-30 23:44:00 _contextlib:124] Timestamps requested, setting decoding timestamps to True. Capture them in Hypothesis object,                         with output[0][idx].timestep['word'/'segment'/'char']
  📝 Transcript: I've added two units of item K2 to your cart. Your cart total is now $199.98....
  ⏱️  Perceived Latency: 21.20s (Agent Start: 35.36s - User End: 14.16s)
  💾 Saved: result_gemini2_5.json

[7/100] Processing Speaker=66f59c76... Example=ecommerce_07...
  🚀 Running LiveKit inference with provider=gemini2_5...
  🔗 Streaming via livekit_inference.py into room: eval-4c58ce88
  ✅ livekit_inference.py finished successfully.
  🗣️  Running ASR on input audio...
[NeMo I 2026-09-30 23:45:34 _contextlib:124] Timestamps requested, setting decoding timestamps to True. Capture them in Hypothesis object,                         with output[0][idx].timestep['word'/'segment'/'char']
  ⏱️  Measuring latency...
  🗣️  Running ASR on model output...
[NeMo I 2026-09-30 23:45:38 _contextlib:124] Timestamps requested, setting decoding timestamps to True. Capture them in Hypothesis object,                         with output[0][idx].timestep['word'/'segment'/'char']
  📝 Transcript: Your order is currently out for delivery....
  ⏱️  Perceived Latency: 28.56s (Agent Start: 46.160000000000004s - User End: 17.6s)
  💾 Saved: result_gemini2_5.json

[8/100] Processing Speaker=5ff07b5e... Example=ecommerce_08...
  🚀 Running LiveKit inference with provider=gemini2_5...
  🔗 Streaming via livekit_inference.py into room: eval-3132c6f3
  ✅ livekit_inference.py finished successfully.
  🗣️  Running ASR on input audio...
[NeMo I 2026-09-30 23:46:48 _contextlib:124] Timestamps requested, setting decoding timestamps to True. Capture them in Hypothesis object,                         with output[0][idx].timestep['word'/'segment'/'char']
  ⏱️  Measuring latency...
  🗣️  Running ASR on model output...
[NeMo I 2026-09-30 23:46:51 _contextlib:124] Timestamps requested, setting decoding timestamps to True. Capture them in Hypothesis object,                         with output[0][idx].timestep['word'/'segment'/'char']
  📝 Transcript: I found one mechanical I found one mechanical keyboard called Mechanical Keyboard Premium for $190, ...
  ⏱️  Perceived Latency: 8.32s (Agent Start: 23.04s - User End: 14.72s)
  💾 Saved: result_gemini2_5.json

[9/100] Processing Speaker=61517db6... Example=ecommerce_08...
  🚀 Running LiveKit inference with provider=gemini2_5...
  🔗 Streaming via livekit_inference.py into room: eval-6d23bb13
  ✅ livekit_inference.py finished successfully.
  🗣️  Running ASR on input audio...
[NeMo I 2026-09-30 23:47:42 _contextlib:124] Timestamps requested, setting decoding timestamps to True. Capture them in Hypothesis object,                         with output[0][idx].timestep['word'/'segment'/'char']
  ⏱️  Measuring latency...
  🗣️  Running ASR on model output...
[NeMo I 2026-09-30 23:47:51 _contextlib:124] Timestamps requested, setting decoding timestamps to True. Capture them in Hypothesis object,                         with output[0][idx].timestep['word'/'segment'/'char']
  📝 Transcript: Yes, I found one mechanical keyboard premium for $190....
  ⏱️  Perceived Latency: 10.40s (Agent Start: 23.2s - User End: 12.8s)
  💾 Saved: result_gemini2_5.json

[10/100] Processing Speaker=695bd157... Example=ecommerce_09...
  🚀 Running LiveKit inference with provider=gemini2_5...
  🔗 Streaming via livekit_inference.py into room: eval-9df0df81
  ✅ livekit_inference.py finished successfully.
  🗣️  Running ASR on input audio...
[NeMo I 2026-09-30 23:49:03 _contextlib:124] Timestamps requested, setting decoding timestamps to True. Capture them in Hypothesis object,                         with output[0][idx].timestep['word'/'segment'/'char']
  ⏱️  Measuring latency...
  🗣️  Running ASR on model output...
[NeMo I 2026-09-30 23:49:10 _contextlib:124] Timestamps requested, setting decoding timestamps to True. Capture them in Hypothesis object,                         with output[0][idx].timestep['word'/'segment'/'char']
