🚀 Batch evaluation started (released layout)
🤖 Provider: gemini2_5
📁 Root Dir: A:\Samsung_2\logs\baseline_fixed_20260930_232558\fdb_v3_data_released
📋 Loaded 100 scenarios from benchmark_data_v2.json
🔊 Loading ASR model...
🔊 Loading ASR model...
[NeMo I 2026-09-30 23:27:19 mixins:79] Tokenizer SentencePieceTokenizer initialized with 1024 tokens
[NeMo I 2026-09-30 23:27:26 rnnt_models:83] Using RNNT Loss : tdt
    Loss tdt_kwargs: {'fastemit_lambda': 0.0, 'clamp': -1.0, 'durations': [0, 1, 2, 3, 4], 'sigma': 0.02, 'omega': 0.1}
[NeMo I 2026-09-30 23:27:26 rnnt_models:231] Using RNNT Loss : tdt
    Loss tdt_kwargs: {'fastemit_lambda': 0.0, 'clamp': -1.0, 'durations': [0, 1, 2, 3, 4], 'sigma': 0.02, 'omega': 0.1}
[NeMo I 2026-09-30 23:27:26 rnnt_models:231] Using RNNT Loss : tdt
    Loss tdt_kwargs: {'fastemit_lambda': 0.0, 'clamp': -1.0, 'durations': [0, 1, 2, 3, 4], 'sigma': 0.02, 'omega': 0.1}
[NeMo I 2026-09-30 23:27:28 modelPT:489] Model EncDecRNNTBPEModel was successfully restored from C:\Users\Akshay A\.cache\huggingface\hub\models--nvidia--parakeet-tdt-0.6b-v2\snapshots\ae9ad07059c7c739ffaf932226a8fe64ae2620b0\parakeet-tdt-0.6b-v2.nemo.
✅ ASR model loaded
✅ ASR model loaded
📋 Merged 79 per-folder metadata.json entries → 100 total
📂 Found 100 input.wav files

[1/100] Processing Speaker=65e8cf8f... Example=ecommerce_01...
  🚀 Running LiveKit inference with provider=gemini2_5...
  🔗 Streaming via livekit_inference.py into room: eval-2e83b070
  ✅ livekit_inference.py finished successfully.
  🗣️  Running ASR on input audio...
[NeMo I 2026-09-30 23:28:31 _contextlib:124] Timestamps requested, setting decoding timestamps to True. Capture them in Hypothesis object,                         with output[0][idx].timestep['word'/'segment'/'char']
[NeMo I 2026-09-30 23:28:31 rnnt_models:231] Using RNNT Loss : tdt
    Loss tdt_kwargs: {'fastemit_lambda': 0.0, 'clamp': -1.0, 'durations': [0, 1, 2, 3, 4], 'sigma': 0.02, 'omega': 0.1}
  ⏱️  Measuring latency...
  🗣️  Running ASR on model output...
[NeMo I 2026-09-30 23:28:46 _contextlib:124] Timestamps requested, setting decoding timestamps to True. Capture them in Hypothesis object,                         with output[0][idx].timestep['word'/'segment'/'char']
